graph: { title: "/users/lambourg/sbx/wave/aarch64-elf-darwin/gnat/install/aarch64-elf/include/rts-sources/full/raise-gcc.c"
node: { title: "_Unwind_ForcedUnwind" label: "_Unwind_ForcedUnwind\n/Users/lambourg/sbx/wave/aarch64-elf-darwin/gnat/install/lib/gcc/aarch64-elf/6.3.1/include/unwind.h:141:1" shape : ellipse }
node: { title: "_Unwind_RaiseException" label: "_Unwind_RaiseException\n/Users/lambourg/sbx/wave/aarch64-elf-darwin/gnat/install/lib/gcc/aarch64-elf/6.3.1/include/unwind.h:132:1" shape : ellipse }
node: { title: "__gnat_unhandled_except_handler" label: "__gnat_unhandled_except_handler\n/users/lambourg/sbx/wave/aarch64-elf-darwin/gnat/install/aarch64-elf/include/rts-sources/full/raise-gcc.c:111:13" shape : ellipse }
node: { title: "_Unwind_SetIP" label: "_Unwind_SetIP\n/Users/lambourg/sbx/wave/aarch64-elf-darwin/gnat/install/lib/gcc/aarch64-elf/6.3.1/include/unwind.h:175:13" shape : ellipse }
node: { title: "_Unwind_SetGR" label: "_Unwind_SetGR\n/Users/lambourg/sbx/wave/aarch64-elf-darwin/gnat/install/lib/gcc/aarch64-elf/6.3.1/include/unwind.h:171:13" shape : ellipse }
node: { title: "__gnat_foreign_data_for" label: "__gnat_foreign_data_for\n/users/lambourg/sbx/wave/aarch64-elf-darwin/gnat/install/aarch64-elf/include/rts-sources/full/raise-gcc.c:897:14" shape : ellipse }
node: { title: "__gnat_language_for" label: "__gnat_language_for\n/users/lambourg/sbx/wave/aarch64-elf-darwin/gnat/install/aarch64-elf/include/rts-sources/full/raise-gcc.c:895:13" shape : ellipse }
node: { title: "__gnat_is_handled_by_others" label: "__gnat_is_handled_by_others\n/users/lambourg/sbx/wave/aarch64-elf-darwin/gnat/install/aarch64-elf/include/rts-sources/full/raise-gcc.c:894:13" shape : ellipse }
node: { title: "__gnat_eid_for" label: "__gnat_eid_for\n/users/lambourg/sbx/wave/aarch64-elf-darwin/gnat/install/aarch64-elf/include/rts-sources/full/raise-gcc.c:899:21" shape : ellipse }
node: { title: "_Unwind_GetIPInfo" label: "_Unwind_GetIPInfo\n/Users/lambourg/sbx/wave/aarch64-elf-darwin/gnat/install/lib/gcc/aarch64-elf/6.3.1/include/unwind.h:174:20" shape : ellipse }
node: { title: "_Unwind_GetDataRelBase" label: "_Unwind_GetDataRelBase\n/Users/lambourg/sbx/wave/aarch64-elf-darwin/gnat/install/lib/gcc/aarch64-elf/6.3.1/include/unwind.h:241:20" shape : ellipse }
node: { title: "_Unwind_GetTextRelBase" label: "_Unwind_GetTextRelBase\n/Users/lambourg/sbx/wave/aarch64-elf-darwin/gnat/install/lib/gcc/aarch64-elf/6.3.1/include/unwind.h:242:20" shape : ellipse }
node: { title: "abort" label: "abort\n/users/lambourg/sbx/wave/aarch64-elf-darwin/gnat/install/aarch64-elf/include/rts-sources/full/tsystem.h:7:13" shape : ellipse }
node: { title: "_Unwind_GetRegionStart" label: "_Unwind_GetRegionStart\n/Users/lambourg/sbx/wave/aarch64-elf-darwin/gnat/install/lib/gcc/aarch64-elf/6.3.1/include/unwind.h:182:20" shape : ellipse }
node: { title: "_Unwind_GetLanguageSpecificData" label: "_Unwind_GetLanguageSpecificData\n/Users/lambourg/sbx/wave/aarch64-elf-darwin/gnat/install/lib/gcc/aarch64-elf/6.3.1/include/unwind.h:180:14" shape : ellipse }
node: { title: "__gnat_notify_handled_exception" label: "__gnat_notify_handled_exception\n/users/lambourg/sbx/wave/aarch64-elf-darwin/gnat/install/aarch64-elf/include/rts-sources/full/raise-gcc.c:1133:13" shape : ellipse }
node: { title: "__gnat_notify_unhandled_exception" label: "__gnat_notify_unhandled_exception\n/users/lambourg/sbx/wave/aarch64-elf-darwin/gnat/install/aarch64-elf/include/rts-sources/full/raise-gcc.c:1134:13" shape : ellipse }
node: { title: "__gnat_setup_current_excep" label: "__gnat_setup_current_excep\n/users/lambourg/sbx/wave/aarch64-elf-darwin/gnat/install/aarch64-elf/include/rts-sources/full/raise-gcc.c:109:37" shape : ellipse }
node: { title: "__gnat_Unwind_ForcedUnwind" label: "__gnat_Unwind_ForcedUnwind\n/users/lambourg/sbx/wave/aarch64-elf-darwin/gnat/install/aarch64-elf/include/rts-sources/full/raise-gcc.c:1431:1\n0 bytes\n0 dynamic objects" }
edge: { sourcename: "__gnat_Unwind_ForcedUnwind" targetname: "_Unwind_ForcedUnwind" label: "/users/lambourg/sbx/wave/aarch64-elf-darwin/gnat/install/aarch64-elf/include/rts-sources/full/raise-gcc.c:1445:10" }
node: { title: "__gnat_Unwind_RaiseException" label: "__gnat_Unwind_RaiseException\n/users/lambourg/sbx/wave/aarch64-elf-darwin/gnat/install/aarch64-elf/include/rts-sources/full/raise-gcc.c:1421:1\n0 bytes\n0 dynamic objects" }
edge: { sourcename: "__gnat_Unwind_RaiseException" targetname: "_Unwind_RaiseException" label: "/users/lambourg/sbx/wave/aarch64-elf-darwin/gnat/install/aarch64-elf/include/rts-sources/full/raise-gcc.c:1426:10" }
node: { title: "__gnat_cleanupunwind_handler" label: "__gnat_cleanupunwind_handler\n/users/lambourg/sbx/wave/aarch64-elf-darwin/gnat/install/aarch64-elf/include/rts-sources/full/raise-gcc.c:1393:1\n16 bytes (static)\n0 dynamic objects" }
edge: { sourcename: "__gnat_cleanupunwind_handler" targetname: "__gnat_unhandled_except_handler" label: "/users/lambourg/sbx/wave/aarch64-elf-darwin/gnat/install/aarch64-elf/include/rts-sources/full/raise-gcc.c:1409:5" }
node: { title: "__gnat_personality_v0" label: "__gnat_personality_v0\n/users/lambourg/sbx/wave/aarch64-elf-darwin/gnat/install/aarch64-elf/include/rts-sources/full/raise-gcc.c:1294:1\n208 bytes (static)\n0 dynamic objects" }
edge: { sourcename: "__gnat_personality_v0" targetname: "__gnat_setup_current_excep" label: "/users/lambourg/sbx/wave/aarch64-elf-darwin/gnat/install/aarch64-elf/include/rts-sources/full/raise-gcc.c:1250:3" }
edge: { sourcename: "__gnat_personality_v0" targetname: "_Unwind_SetIP" label: "/users/lambourg/sbx/wave/aarch64-elf-darwin/gnat/install/aarch64-elf/include/rts-sources/full/raise-gcc.c:1127:3" }
edge: { sourcename: "__gnat_personality_v0" targetname: "_Unwind_SetGR" label: "/users/lambourg/sbx/wave/aarch64-elf-darwin/gnat/install/aarch64-elf/include/rts-sources/full/raise-gcc.c:1122:3" }
edge: { sourcename: "__gnat_personality_v0" targetname: "_Unwind_SetGR" label: "/users/lambourg/sbx/wave/aarch64-elf-darwin/gnat/install/aarch64-elf/include/rts-sources/full/raise-gcc.c:1117:3" }
edge: { sourcename: "__gnat_personality_v0" targetname: "__gnat_notify_handled_exception" label: "/users/lambourg/sbx/wave/aarch64-elf-darwin/gnat/install/aarch64-elf/include/rts-sources/full/raise-gcc.c:1231:6" }
edge: { sourcename: "__gnat_personality_v0" targetname: "__gnat_notify_unhandled_exception" label: "/users/lambourg/sbx/wave/aarch64-elf-darwin/gnat/install/aarch64-elf/include/rts-sources/full/raise-gcc.c:1229:6" }
edge: { sourcename: "__gnat_personality_v0" targetname: "__gnat_setup_current_excep" label: "/users/lambourg/sbx/wave/aarch64-elf-darwin/gnat/install/aarch64-elf/include/rts-sources/full/raise-gcc.c:1227:17" }
edge: { sourcename: "__gnat_personality_v0" targetname: "__gnat_foreign_data_for" label: "/users/lambourg/sbx/wave/aarch64-elf-darwin/gnat/install/aarch64-elf/include/rts-sources/full/raise-gcc.c:983:13" }
edge: { sourcename: "__gnat_personality_v0" targetname: "__gnat_language_for" label: "/users/lambourg/sbx/wave/aarch64-elf-darwin/gnat/install/aarch64-elf/include/rts-sources/full/raise-gcc.c:981:10" }
edge: { sourcename: "__gnat_personality_v0" targetname: "__gnat_is_handled_by_others" label: "/users/lambourg/sbx/wave/aarch64-elf-darwin/gnat/install/aarch64-elf/include/rts-sources/full/raise-gcc.c:945:52" }
edge: { sourcename: "__gnat_personality_v0" targetname: "__gnat_eid_for" label: "/users/lambourg/sbx/wave/aarch64-elf-darwin/gnat/install/aarch64-elf/include/rts-sources/full/raise-gcc.c:940:25" }
edge: { sourcename: "__gnat_personality_v0" targetname: "__gnat_eid_for" label: "/users/lambourg/sbx/wave/aarch64-elf-darwin/gnat/install/aarch64-elf/include/rts-sources/full/raise-gcc.c:935:37" }
edge: { sourcename: "__gnat_personality_v0" targetname: "/users/lambourg/sbx/wave/aarch64-elf-darwin/gnat/install/aarch64-elf/include/rts-sources/full/raise-gcc.c:read_encoded_value_with_base" label: "/users/lambourg/sbx/wave/aarch64-elf-darwin/gnat/install/aarch64-elf/include/rts-sources/full/raise-gcc.c:623:3" }
edge: { sourcename: "__gnat_personality_v0" targetname: "abort" label: "/users/lambourg/sbx/wave/aarch64-elf-darwin/gnat/install/aarch64-elf/include/rts-sources/full/unwind-pe.h:88:3" }
edge: { sourcename: "__gnat_personality_v0" targetname: "/users/lambourg/sbx/wave/aarch64-elf-darwin/gnat/install/aarch64-elf/include/rts-sources/full/raise-gcc.c:read_encoded_value_with_base" label: "/users/lambourg/sbx/wave/aarch64-elf-darwin/gnat/install/aarch64-elf/include/rts-sources/full/unwind-pe.h:282:10" }
edge: { sourcename: "__gnat_personality_v0" targetname: "/users/lambourg/sbx/wave/aarch64-elf-darwin/gnat/install/aarch64-elf/include/rts-sources/full/raise-gcc.c:base_of_encoded_value" label: "/users/lambourg/sbx/wave/aarch64-elf-darwin/gnat/install/aarch64-elf/include/rts-sources/full/unwind-pe.h:282:10" }
edge: { sourcename: "__gnat_personality_v0" targetname: "/users/lambourg/sbx/wave/aarch64-elf-darwin/gnat/install/aarch64-elf/include/rts-sources/full/raise-gcc.c:read_encoded_value_with_base" label: "/users/lambourg/sbx/wave/aarch64-elf-darwin/gnat/install/aarch64-elf/include/rts-sources/full/unwind-pe.h:282:10" }
edge: { sourcename: "__gnat_personality_v0" targetname: "/users/lambourg/sbx/wave/aarch64-elf-darwin/gnat/install/aarch64-elf/include/rts-sources/full/raise-gcc.c:base_of_encoded_value" label: "/users/lambourg/sbx/wave/aarch64-elf-darwin/gnat/install/aarch64-elf/include/rts-sources/full/unwind-pe.h:282:10" }
edge: { sourcename: "__gnat_personality_v0" targetname: "/users/lambourg/sbx/wave/aarch64-elf-darwin/gnat/install/aarch64-elf/include/rts-sources/full/raise-gcc.c:read_encoded_value_with_base" label: "/users/lambourg/sbx/wave/aarch64-elf-darwin/gnat/install/aarch64-elf/include/rts-sources/full/unwind-pe.h:282:10" }
edge: { sourcename: "__gnat_personality_v0" targetname: "/users/lambourg/sbx/wave/aarch64-elf-darwin/gnat/install/aarch64-elf/include/rts-sources/full/raise-gcc.c:base_of_encoded_value" label: "/users/lambourg/sbx/wave/aarch64-elf-darwin/gnat/install/aarch64-elf/include/rts-sources/full/unwind-pe.h:282:10" }
edge: { sourcename: "__gnat_personality_v0" targetname: "_Unwind_GetIPInfo" label: "/users/lambourg/sbx/wave/aarch64-elf-darwin/gnat/install/aarch64-elf/include/rts-sources/full/raise-gcc.c:582:15" }
edge: { sourcename: "__gnat_personality_v0" targetname: "/users/lambourg/sbx/wave/aarch64-elf-darwin/gnat/install/aarch64-elf/include/rts-sources/full/raise-gcc.c:base_of_encoded_value" label: "/users/lambourg/sbx/wave/aarch64-elf-darwin/gnat/install/aarch64-elf/include/rts-sources/full/raise-gcc.c:674:7" }
edge: { sourcename: "__gnat_personality_v0" targetname: "/users/lambourg/sbx/wave/aarch64-elf-darwin/gnat/install/aarch64-elf/include/rts-sources/full/raise-gcc.c:read_encoded_value_with_base" label: "/users/lambourg/sbx/wave/aarch64-elf-darwin/gnat/install/aarch64-elf/include/rts-sources/full/unwind-pe.h:282:10" }
edge: { sourcename: "__gnat_personality_v0" targetname: "/users/lambourg/sbx/wave/aarch64-elf-darwin/gnat/install/aarch64-elf/include/rts-sources/full/raise-gcc.c:base_of_encoded_value" label: "/users/lambourg/sbx/wave/aarch64-elf-darwin/gnat/install/aarch64-elf/include/rts-sources/full/unwind-pe.h:282:10" }
edge: { sourcename: "__gnat_personality_v0" targetname: "_Unwind_GetRegionStart" label: "/users/lambourg/sbx/wave/aarch64-elf-darwin/gnat/install/aarch64-elf/include/rts-sources/full/raise-gcc.c:653:18" }
edge: { sourcename: "__gnat_personality_v0" targetname: "_Unwind_GetLanguageSpecificData" label: "/users/lambourg/sbx/wave/aarch64-elf-darwin/gnat/install/aarch64-elf/include/rts-sources/full/raise-gcc.c:645:10" }
node: { title: "/users/lambourg/sbx/wave/aarch64-elf-darwin/gnat/install/aarch64-elf/include/rts-sources/full/raise-gcc.c:read_encoded_value_with_base" label: "read_encoded_value_with_base\n/users/lambourg/sbx/wave/aarch64-elf-darwin/gnat/install/aarch64-elf/include/rts-sources/full/unwind-pe.h:181:1\n16 bytes (static)\n0 dynamic objects" }
edge: { sourcename: "/users/lambourg/sbx/wave/aarch64-elf-darwin/gnat/install/aarch64-elf/include/rts-sources/full/raise-gcc.c:read_encoded_value_with_base" targetname: "abort" label: "/users/lambourg/sbx/wave/aarch64-elf-darwin/gnat/install/aarch64-elf/include/rts-sources/full/unwind-pe.h:257:4" }
node: { title: "/users/lambourg/sbx/wave/aarch64-elf-darwin/gnat/install/aarch64-elf/include/rts-sources/full/raise-gcc.c:base_of_encoded_value" label: "base_of_encoded_value\n/users/lambourg/sbx/wave/aarch64-elf-darwin/gnat/install/aarch64-elf/include/rts-sources/full/unwind-pe.h:101:1\n16 bytes (static)\n0 dynamic objects" }
edge: { sourcename: "/users/lambourg/sbx/wave/aarch64-elf-darwin/gnat/install/aarch64-elf/include/rts-sources/full/raise-gcc.c:base_of_encoded_value" targetname: "abort" label: "/users/lambourg/sbx/wave/aarch64-elf-darwin/gnat/install/aarch64-elf/include/rts-sources/full/unwind-pe.h:120:3" }
edge: { sourcename: "/users/lambourg/sbx/wave/aarch64-elf-darwin/gnat/install/aarch64-elf/include/rts-sources/full/raise-gcc.c:base_of_encoded_value" targetname: "_Unwind_GetRegionStart" label: "/users/lambourg/sbx/wave/aarch64-elf-darwin/gnat/install/aarch64-elf/include/rts-sources/full/unwind-pe.h:118:14" }
edge: { sourcename: "/users/lambourg/sbx/wave/aarch64-elf-darwin/gnat/install/aarch64-elf/include/rts-sources/full/raise-gcc.c:base_of_encoded_value" targetname: "_Unwind_GetDataRelBase" label: "/users/lambourg/sbx/wave/aarch64-elf-darwin/gnat/install/aarch64-elf/include/rts-sources/full/unwind-pe.h:116:14" }
edge: { sourcename: "/users/lambourg/sbx/wave/aarch64-elf-darwin/gnat/install/aarch64-elf/include/rts-sources/full/raise-gcc.c:base_of_encoded_value" targetname: "_Unwind_GetTextRelBase" label: "/users/lambourg/sbx/wave/aarch64-elf-darwin/gnat/install/aarch64-elf/include/rts-sources/full/unwind-pe.h:114:14" }
}
