graph: { title: "/users/lambourg/sbx/wave/aarch64-elf-darwin/gnat/install/aarch64-elf/include/rts-sources/full/zcx-dw2/unwind-dw2-fde-bb.c"
node: { title: "abort" label: "abort\n/users/lambourg/sbx/wave/aarch64-elf-darwin/gnat/install/aarch64-elf/include/rts-sources/full/tsystem.h:7:13" shape : ellipse }
node: { title: "_Unwind_Find_FDE" label: "_Unwind_Find_FDE\n/users/lambourg/sbx/wave/aarch64-elf-darwin/gnat/install/aarch64-elf/include/rts-sources/full/zcx-dw2/unwind-dw2-fde-bb.c:155:1\n96 bytes (static)\n0 dynamic objects" }
edge: { sourcename: "_Unwind_Find_FDE" targetname: "/users/lambourg/sbx/wave/aarch64-elf-darwin/gnat/install/aarch64-elf/include/rts-sources/full/zcx-dw2/unwind-dw2-fde-bb.c:read_encoded_value_with_base" label: "/users/lambourg/sbx/wave/aarch64-elf-darwin/gnat/install/aarch64-elf/include/rts-sources/full/zcx-dw2/unwind-dw2-fde-bb.c:231:5" }
edge: { sourcename: "_Unwind_Find_FDE" targetname: "abort" label: "/users/lambourg/sbx/wave/aarch64-elf-darwin/gnat/install/aarch64-elf/include/rts-sources/full/unwind-pe.h:88:3" }
edge: { sourcename: "_Unwind_Find_FDE" targetname: "/users/lambourg/sbx/wave/aarch64-elf-darwin/gnat/install/aarch64-elf/include/rts-sources/full/zcx-dw2/unwind-dw2-fde-bb.c:read_encoded_value_with_base" label: "/users/lambourg/sbx/wave/aarch64-elf-darwin/gnat/install/aarch64-elf/include/rts-sources/full/zcx-dw2/unwind-dw2-fde-bb.c:130:6" }
edge: { sourcename: "_Unwind_Find_FDE" targetname: "/users/lambourg/sbx/wave/aarch64-elf-darwin/gnat/install/aarch64-elf/include/rts-sources/full/zcx-dw2/unwind-dw2-fde-bb.c:read_encoded_value_with_base" label: "/users/lambourg/sbx/wave/aarch64-elf-darwin/gnat/install/aarch64-elf/include/rts-sources/full/zcx-dw2/unwind-dw2-fde-bb.c:184:5" }
edge: { sourcename: "_Unwind_Find_FDE" targetname: "/users/lambourg/sbx/wave/aarch64-elf-darwin/gnat/install/aarch64-elf/include/rts-sources/full/zcx-dw2/unwind-dw2-fde-bb.c:get_encoding_base" label: "/users/lambourg/sbx/wave/aarch64-elf-darwin/gnat/install/aarch64-elf/include/rts-sources/full/zcx-dw2/unwind-dw2-fde-bb.c:184:7" }
edge: { sourcename: "_Unwind_Find_FDE" targetname: "/users/lambourg/sbx/wave/aarch64-elf-darwin/gnat/install/aarch64-elf/include/rts-sources/full/zcx-dw2/unwind-dw2-fde-bb.c:read_encoded_value_with_base" label: "/users/lambourg/sbx/wave/aarch64-elf-darwin/gnat/install/aarch64-elf/include/rts-sources/full/zcx-dw2/unwind-dw2-fde-bb.c:178:5" }
edge: { sourcename: "_Unwind_Find_FDE" targetname: "/users/lambourg/sbx/wave/aarch64-elf-darwin/gnat/install/aarch64-elf/include/rts-sources/full/zcx-dw2/unwind-dw2-fde-bb.c:get_encoding_base" label: "/users/lambourg/sbx/wave/aarch64-elf-darwin/gnat/install/aarch64-elf/include/rts-sources/full/zcx-dw2/unwind-dw2-fde-bb.c:178:7" }
edge: { sourcename: "_Unwind_Find_FDE" targetname: "abort" label: "/users/lambourg/sbx/wave/aarch64-elf-darwin/gnat/install/aarch64-elf/include/rts-sources/full/zcx-dw2/unwind-dw2-fde-bb.c:151:3" }
node: { title: "/users/lambourg/sbx/wave/aarch64-elf-darwin/gnat/install/aarch64-elf/include/rts-sources/full/zcx-dw2/unwind-dw2-fde-bb.c:get_encoding_base" label: "get_encoding_base\n/users/lambourg/sbx/wave/aarch64-elf-darwin/gnat/install/aarch64-elf/include/rts-sources/full/zcx-dw2/unwind-dw2-fde-bb.c:60:1\n16 bytes (static)\n0 dynamic objects" }
edge: { sourcename: "/users/lambourg/sbx/wave/aarch64-elf-darwin/gnat/install/aarch64-elf/include/rts-sources/full/zcx-dw2/unwind-dw2-fde-bb.c:get_encoding_base" targetname: "abort" label: "/users/lambourg/sbx/wave/aarch64-elf-darwin/gnat/install/aarch64-elf/include/rts-sources/full/zcx-dw2/unwind-dw2-fde-bb.c:77:7" }
node: { title: "/users/lambourg/sbx/wave/aarch64-elf-darwin/gnat/install/aarch64-elf/include/rts-sources/full/zcx-dw2/unwind-dw2-fde-bb.c:read_encoded_value_with_base" label: "read_encoded_value_with_base\n/users/lambourg/sbx/wave/aarch64-elf-darwin/gnat/install/aarch64-elf/include/rts-sources/full/unwind-pe.h:181:1\n16 bytes (static)\n0 dynamic objects" }
edge: { sourcename: "/users/lambourg/sbx/wave/aarch64-elf-darwin/gnat/install/aarch64-elf/include/rts-sources/full/zcx-dw2/unwind-dw2-fde-bb.c:read_encoded_value_with_base" targetname: "abort" label: "/users/lambourg/sbx/wave/aarch64-elf-darwin/gnat/install/aarch64-elf/include/rts-sources/full/unwind-pe.h:257:4" }
}
